// Jest Snapshot v1, https://goo.gl/fbAQLP

exports[`PlayerDashboard renders correctly 1`] = `
<div
  className="player-dashboard"
>
  <h3
    className="left"
  >
    Leaderboard
  </h3>
  <Link
    className="waves-effect waves-light btn right"
    replace={false}
    style={
      Object {
        "marginTop": 40,
      }
    }
    to="/edit"
  >
    Add Player
  </Link>
  <table
    className="table striped"
    style={
      Object {
        "marginTop": 20,
      }
    }
  >
    <thead>
      <tr>
        <th>
          Name
        </th>
        <th>
          Score
        </th>
        <th />
      </tr>
    </thead>
    <tbody>
      <tr
        className="player-row"
        key="1"
        onClick={[Function]}
      >
        <td>
          Last 1, First 1
        </td>
        <td>
          1
        </td>
        <td>
          <i
            className="material-icons delete-btn"
            onClick={[Function]}
          >
            delete
          </i>
        </td>
      </tr>
      <tr
        className="player-row"
        key="2"
        onClick={[Function]}
      >
        <td>
          Last 2, First 2
        </td>
        <td>
          2
        </td>
        <td>
          <i
            className="material-icons delete-btn"
            onClick={[Function]}
          >
            delete
          </i>
        </td>
      </tr>
    </tbody>
  </table>
</div>
`;
